label_entry
in:
arr 
out:
arr 
label_ret
in:
op19 
out:

label4
in:
arr op14 op16 
out:
arr op19 op20 
label9
in:
arr op19 op20 
out:
arr op14 op16 
label17
in:
op19 
out:
op19 
