label_entry
in:
a arr 
out:
a arr 
label_ret
in:

out:

label3
in:
a arr 
out:
a arr 
label11
in:
a arr 
out:
a arr 
label32
in:

out:

label34
in:
a arr 
out:
a arr 
label35
in:
a arr 
out:
a arr 
