label_entry
in:
a 
out:
op4 
label_ret
in:
op4 
out:

label_entry
in:
a 
out:
a 
label_ret
in:
op6 
out:

label4
in:
a 
out:
a 
label5
in:
a 
out:
op6 
