label_entry
in:
arg0 nums 
out:
arg0 nums 
label_ret
in:
op19 op58 op59 op60 
out:

label11
in:

out:

label12
in:
arg0 nums 
out:
arg0 nums 
label17
in:
nums 
out:
op19 
label20
in:
arg0 nums 
out:
arg0 nums op22 
label24
in:
arg0 nums op22 op43 op53 op62 
out:
arg0 nums op58 op59 op60 
label30
in:
arg0 nums op58 op59 op60 
out:
arg0 nums op58 op59 op60 
label35
in:
op58 op59 op60 
out:
op58 op59 op60 
label37
in:
arg0 nums op58 op59 
out:
arg0 nums op58 op59 
label38
in:
arg0 nums op58 op59 op60 
out:
arg0 nums op43 op58 op59 
label49
in:
arg0 nums op43 op58 
out:
arg0 nums op43 op58 
label51
in:
arg0 nums op43 op58 op59 
out:
arg0 nums op43 op53 op62 
label_entry
in:
nums 
out:
op13 
label_ret
in:
op13 
out:

