label_entry
in:
a arr 
out:
a arr 
label_ret
in:
op41 
out:

label3
in:
a arr op38 
out:
a arr op41 
label11
in:
a arr op41 
out:
a arr op41 
label32
in:
op41 
out:
op41 
label34
in:
a arr op41 
out:
a arr op38 
label39
in:
op41 
out:
op41 
label40
in:
a arr op38 
out:
a arr op38 
