label_entry
in:
a 
out:
op4 
label_ret
in:
op4 
out:

label_entry
in:
a 
out:
a 
label_ret
in:
op12 op14 
out:

label11
in:
a 
out:
op12 
label13
in:

out:
op14 
