label_entry
in:
a arg0 b 
out:
a arg0 b op3 
label_ret
in:

out:

label8
in:
a arg0 b op17 op3 
out:
a arg0 b op3 op91 
label13
in:
a arg0 b op3 op91 
out:
a arg0 b op17 op3 
label18
in:
a arg0 b op3 
out:
a arg0 b op3 
label19
in:
a arg0 b op3 op37 
out:
a arg0 b op3 op92 
label25
in:
a arg0 b op3 op92 
out:
a arg0 b op3 op37 
label38
in:
a arg0 b op3 
out:
a arg0 b op3 
label39
in:
a arg0 b op3 op56 
out:
a arg0 b op3 op93 
label44
in:
a arg0 b op3 op93 
out:
a arg0 b op3 op56 
label57
in:
a arg0 b op3 
out:
a arg0 b op3 
label59
in:
a arg0 b op3 op89 
out:
a b op3 op94 
label64
in:
a b op3 op94 
out:
a b op3 op89 
label90
in:

out:

label_entry
in:
a b n 
out:
b n op13 
label_ret
in:

out:

label16
in:
b n op13 op29 
out:
b n op31 
label22
in:
b n op31 
out:
b n op29 
label30
in:

out:

