label_entry
in:
a arg0 arg1 
out:
a arg0 arg1 
label_ret
in:

out:

label15
in:
a arg0 arg1 
out:
a arg0 arg1 op20 
label21
in:
op115 op116 op20 
out:

label22
in:
a arg0 arg1 op119 op120 op20 
out:
a arg0 arg1 op115 op116 op20 
label28
in:
a arg0 arg1 op115 op116 op20 
out:
a arg0 arg1 op115 op116 op20 
label29
in:
a arg0 arg1 op115 op116 op20 
out:
op115 op116 op20 
label43
in:
a arg0 arg1 op115 op116 op20 op66 
out:
a arg0 arg1 op116 op117 op20 
label49
in:
a arg0 arg1 op116 op117 op20 
out:
a arg0 arg1 op116 op117 op20 
label58
in:
a arg0 arg1 op116 op117 op20 
out:
a arg0 arg1 op116 op117 op20 
label64
in:
a arg0 arg1 op116 op117 op20 
out:
a arg0 arg1 op116 op20 op66 
label67
in:
a arg0 arg1 op116 op117 op20 
out:
a arg0 arg1 op116 op117 op20 
label68
in:
a arg0 arg1 op116 op20 op66 
out:
a arg0 arg1 op116 op20 op66 
label69
in:
a arg0 arg1 op116 op117 op20 
out:
a arg0 arg1 op117 op20 op76 
label77
in:
a arg0 arg1 op116 op117 op20 op76 
out:
a arg0 arg1 op117 op118 op20 
label78
in:
a arg0 arg1 op100 op117 op118 op20 
out:
a arg0 arg1 op117 op119 op20 
label84
in:
a arg0 arg1 op117 op119 op20 
out:
a arg0 arg1 op117 op119 op20 
label92
in:
a arg0 arg1 op117 op119 op20 
out:
a arg0 arg1 op117 op119 op20 
label98
in:
a arg0 arg1 op117 op119 op20 
out:
a arg0 arg1 op100 op117 op20 
label101
in:
a arg0 arg1 op117 op119 op20 
out:
a arg0 arg1 op117 op119 op20 
label102
in:
a arg0 arg1 op100 op117 op20 
out:
a arg0 arg1 op100 op117 op20 
label103
in:
a arg0 arg1 op117 op119 op20 
out:
a arg0 arg1 op110 op119 op20 
label111
in:
a arg0 arg1 op110 op117 op119 op20 
out:
a arg0 arg1 op119 op120 op20 
label_entry
in:
a n 
out:
a n op15 
label_ret
in:

out:

label18
in:
a n op15 op31 
out:
a n op33 
label24
in:
a n op33 
out:
a n op31 
label32
in:

out:

