label_entry
in:
a n 
out:
a n 
label_ret
in:

out:

label5
in:
a n op36 op56 
out:
a n op55 
label12
in:
a n op55 
out:
a n op55 
label13
in:

out:

label14
in:
a n op53 op55 
out:
a n op55 op56 
label23
in:
a n op55 op56 
out:
a n op55 op56 
label34
in:
a n op55 op56 
out:
a n op36 op56 
label37
in:
a n op55 op56 
out:
a n op55 op56 
label51
in:
a n op55 op56 
out:
a n op53 op55 
label_entry
in:
a n 
out:
a n op12 
label_ret
in:

out:

label15
in:
a n op12 op28 
out:
a n op30 
label21
in:
a n op30 
out:
a n op28 
label29
in:

out:

