label_entry
in:
a n 
out:
a n 
label_ret
in:

out:

label5
in:
a n op14 op37 op52 
out:
a n op51 
label11
in:
a n op51 
out:
a n op14 op16 op51 
label17
in:

out:

label18
in:
a n op14 op16 op46 op51 
out:
a n op14 op51 op52 
label23
in:
a n op14 op51 op52 
out:
a n op14 op51 op52 
label31
in:
a n op14 op51 op52 
out:
a n op14 op37 op52 
label38
in:
a n op14 op51 op52 
out:
a n op14 op46 op51 
label47
in:
a n op14 op51 op52 
out:
a n op14 op51 op52 
label48
in:
a n op14 op46 op51 
out:
a n op14 op46 op51 
label_entry
in:
a n 
out:
a n op12 
label_ret
in:

out:

label15
in:
a n op12 op28 
out:
a n op30 
label21
in:
a n op30 
out:
a n op28 
label29
in:

out:

