label_entry
in:
arg0 arg1 
out:
arg0 arg1 
label_ret
in:
op19 
out:

label10
in:
arg0 arg1 
out:
arg0 arg1 
label15
in:
arg0 arg1 
out:
op19 
label20
in:

out:

label21
in:
arg0 arg1 
out:
arg0 arg1 
label_entry
in:
a arg0 arr 
out:
op8 
label_ret
in:
op8 
out:

label_entry
in:
a arr 
out:
a arr 
label_ret
in:
op14 
out:

label3
in:
a arr 
out:
a arr 
label8
in:
a arr 
out:
a arr 
label12
in:
a op32 
out:
op14 
label15
in:
a arr 
out:
a 
label26
in:
a arr 
out:
a arr 
label27
in:
a 
out:
a op29 
label30
in:
a op29 
out:
a op32 
