label_entry
in:
V arg0 arg1 v w x 
out:
V arg0 arg1 v w x 
label_ret
in:
op125 
out:

label10
in:
V arg0 arg1 op144 op145 op146 op37 v w x 
out:
V arg0 arg1 op140 op141 op143 v w x 
label16
in:
V arg0 arg1 op140 op141 op143 v w x 
out:
V arg0 arg1 op140 op141 op143 v w x 
label17
in:
V arg0 arg1 w x 
out:
V arg0 arg1 w x 
label20
in:
V arg0 arg1 op140 op141 op143 op147 op148 op81 v w x 
out:
V arg0 arg1 op143 op144 op145 op146 v w x 
label27
in:
V arg0 arg1 op143 op144 op145 op146 v w x 
out:
V arg0 arg1 op143 op144 op145 op146 v w x 
label35
in:
V arg0 arg1 op143 op144 op145 op146 v w x 
out:
V arg0 arg1 op144 op145 op146 op37 v w x 
label38
in:
V arg0 arg1 op143 op144 op145 op146 v w x 
out:
V arg0 arg1 op143 op144 op145 op146 v w x 
label51
in:
V arg0 arg1 op143 op146 v w x 
out:
V arg0 arg1 op143 op146 op58 op73 v w x 
label79
in:
V arg0 arg1 op143 op144 op145 op146 op58 op73 v w x 
out:
V arg0 arg1 op143 op147 op148 op81 v w x 
label82
in:
V arg0 arg1 op143 op146 op58 op73 v w x 
out:
V arg0 arg1 op143 op146 op58 op73 v w x 
label89
in:
V arg0 arg1 op143 op146 op58 op73 v w x 
out:
V arg0 arg1 op143 op146 op58 op73 v w x 
label96
in:
V arg0 arg1 op143 op146 op58 op73 v w x 
out:
V arg0 arg1 op143 op146 op58 op73 v w x 
label97
in:
V arg0 arg1 op139 op151 w x 
out:
V arg0 arg1 op149 op150 w x 
label102
in:
V arg0 arg1 op149 op150 w x 
out:
V arg0 arg1 op149 op150 w x 
label119
in:
V arg0 arg1 
out:
op125 
label126
in:
V arg0 arg1 op149 op150 w x 
out:
V arg0 arg1 op133 op150 w x 
label134
in:
V arg0 arg1 op149 op150 w x 
out:
V arg0 arg1 op149 op150 w x 
label137
in:
V arg0 arg1 op133 op149 op150 w x 
out:
V arg0 arg1 op139 op151 w x 
label_entry
in:

out:

label_ret
in:

out:

