label_entry
in:
program 
out:
op2 program 
label_ret
in:

out:

label3
in:
op14 op2 program 
out:
op18 op2 program 
label9
in:
op18 op2 program 
out:
op14 op2 program 
label15
in:
op18 program 
out:

label_entry
in:
program ptr tape 
out:
program ptr tape 
label_ret
in:

out:

label3
in:
op124 op125 op27 program ptr tape 
out:
op120 op121 program ptr tape 
label8
in:
op120 op121 program ptr tape 
out:
op11 op120 op121 program ptr tape 
label16
in:

out:

label17
in:
op11 op120 op121 program ptr tape 
out:
op11 op120 op121 program ptr tape 
label20
in:
op11 op120 op121 program ptr tape 
out:
op11 op120 op121 program ptr tape 
label25
in:
op11 op120 op121 op126 op127 op128 program ptr tape 
out:
op124 op125 op27 program ptr tape 
label28
in:
op11 op120 op121 program ptr tape 
out:
op11 op120 op121 program ptr tape 
label31
in:
op11 op120 op121 program ptr tape 
out:
op11 op120 op121 program ptr tape 
label36
in:
op11 op120 op121 op129 op130 op131 program ptr tape 
out:
op126 op127 op128 program ptr tape 
label37
in:
op11 op120 op121 program ptr tape 
out:
op11 op120 op121 program ptr tape 
label44
in:
op11 op120 op121 program ptr tape 
out:
op11 op120 op121 program ptr tape 
label49
in:
op11 op120 op121 op132 op133 op134 program ptr tape 
out:
op129 op130 op131 program ptr tape 
label50
in:
op11 op120 op121 program ptr tape 
out:
op11 op120 op121 program ptr tape 
label57
in:
op11 op120 op121 program ptr tape 
out:
op11 op120 op121 program ptr tape 
label62
in:
op11 op120 op121 op135 op136 op137 program ptr tape 
out:
op132 op133 op134 program ptr tape 
label63
in:
op11 op120 op121 program ptr tape 
out:
op11 op120 op121 program ptr tape 
label67
in:
op11 op120 op121 program ptr tape 
out:
op11 op120 op121 program ptr tape 
label72
in:
op11 op120 op121 op138 op139 op140 program ptr tape 
out:
op135 op136 op137 program ptr tape 
label73
in:
op11 op120 op121 program ptr tape 
out:
op11 op120 op121 program ptr tape 
label77
in:
op11 op120 op121 program ptr tape 
out:
op11 op120 op121 program ptr tape 
label82
in:
op11 op120 op121 op141 op142 op143 program ptr tape 
out:
op138 op139 op140 program ptr tape 
label83
in:
op11 op120 op121 program ptr tape 
out:
op11 op120 op121 program ptr tape 
label88
in:
op11 op120 op121 op144 op145 op146 program ptr tape 
out:
op141 op142 op143 program ptr tape 
label89
in:
op11 op120 program ptr tape 
out:
op11 op120 program ptr tape 
label90
in:
op11 op120 op121 op147 op148 op149 program ptr tape 
out:
op144 op145 op146 program ptr tape 
label91
in:
op101 op11 op120 op150 op98 program ptr tape 
out:
op147 op148 op149 program ptr tape 
label96
in:
op147 op148 program ptr tape 
out:
op101 op148 op98 program ptr tape 
label106
in:
op147 op148 op149 program ptr tape 
out:
op147 op148 op149 program ptr tape 
label107
in:
op101 op148 op98 program ptr tape 
out:
op101 op109 op98 program ptr tape 
label110
in:
op101 op148 op98 program ptr tape 
out:
op101 op148 op98 program ptr tape 
label115
in:
op101 op109 op151 op98 program ptr tape 
out:
op101 op150 op98 program ptr tape 
label116
in:
op101 op148 op98 program ptr tape 
out:
op101 op118 op98 program ptr tape 
label119
in:
op101 op118 op148 op98 program ptr tape 
out:
op101 op151 op98 program ptr tape 
label_entry
in:

out:

label_ret
in:

out:

