label_entry
in:
dst next 
out:
dst next 
label_ret
in:

out:

label3
in:
dst next op39 op40 
out:
dst next op37 op38 
label8
in:
dst next op37 op38 
out:
dst next op37 op38 
label13
in:

out:

label14
in:
dst next op37 op38 
out:
dst next op16 op18 
label22
in:
dst next op37 op38 
out:
dst next op25 op38 
label26
in:
dst next op16 op18 op25 op38 
out:
dst next op39 op40 
label27
in:
dst next op37 op38 
out:
dst next op37 op38 
label_entry
in:
dst next src 
out:
dst next src 
label_ret
in:
op22 op24 op52 op53 
out:

label4
in:
dst next op54 op55 src 
out:
dst next op52 op53 src 
label9
in:
dst next op52 op53 src 
out:
dst next op52 op53 src 
label19
in:
op52 op53 
out:
op52 op53 
label20
in:
dst next op52 op53 src 
out:
dst next op22 op24 src 
label31
in:
dst next op52 op53 src 
out:
dst next op34 op52 src 
label39
in:
dst next op22 op24 op56 op57 src 
out:
dst next op54 op55 src 
label40
in:
op22 op24 
out:
op22 op24 
label42
in:
dst next op22 op24 src 
out:
dst next op22 op24 src 
label43
in:
dst next op34 op52 src 
out:
dst next op45 op47 src 
label48
in:
dst next op34 op45 op47 op52 src 
out:
dst next op56 op57 src 
label_entry
in:
arg0 dst src 
out:
dst src 
label_ret
in:
op55 op56 
out:

label10
in:
dst 
out:
dst 
label11
in:
src 
out:
src 
label12
in:
dst op31 
out:
dst op55 
label14
in:
dst op55 
out:
dst op55 
label24
in:
dst op55 
out:
op55 
label28
in:
dst op55 
out:
dst op55 
label29
in:
dst op55 
out:
dst op31 
label32
in:
op51 src 
out:
op56 src 
label34
in:
op56 src 
out:
op56 src 
label44
in:
op56 src 
out:
op56 
label48
in:
op56 src 
out:
op56 src 
label49
in:
op56 src 
out:
op51 src 
label_entry
in:

out:

label_ret
in:

out:

