label_entry
in:
ans n sum 
out:
ans n 
label_ret
in:

out:

label3
in:
ans n op23 
out:
ans n op24 
label9
in:
ans n op24 
out:
ans n op24 
label18
in:

out:

label19
in:

out:

label20
in:
ans n op24 
out:
ans n op24 
label21
in:
ans n op24 
out:
ans n op23 
label_entry
in:
ans arg0 line1 line2 n row 
out:
ans arg0 line1 line2 n row 
label_ret
in:

out:

label3
in:
ans arg0 line1 line2 n op28 row 
out:
ans arg0 line1 line2 n op79 row 
label9
in:
ans arg0 line1 line2 n op79 row 
out:
ans arg0 line1 line2 n op79 row 
label16
in:

out:

label17
in:
ans arg0 line1 line2 n op79 row 
out:
ans arg0 line1 line2 n op79 row 
label26
in:
ans arg0 line1 line2 n op79 row 
out:
ans arg0 line1 line2 n op28 row 
label29
in:
ans arg0 line1 line2 n op79 row 
out:
ans arg0 line1 line2 n op79 row 
label40
in:
ans arg0 line1 line2 n op79 row 
out:
ans arg0 line1 line2 n op79 row 
label41
in:
ans arg0 line1 line2 n op79 row 
out:
ans arg0 line1 line2 n op79 row 
label50
in:
ans arg0 line1 line2 n op79 row 
out:
ans arg0 line1 line2 n op79 row 
label51
in:
ans arg0 line1 line2 n op79 row 
out:
ans arg0 line1 line2 n op79 row 
label52
in:
ans arg0 line1 line2 n op79 row 
out:
ans arg0 line1 line2 n op79 row 
label_entry
in:
n sum 
out:
n op2 sum 
label_ret
in:
op14 
out:

label4
in:
n op12 op2 sum 
out:
n op15 sum 
label9
in:
n op15 sum 
out:
n op12 sum 
label13
in:
sum 
out:
op14 
