label_entry
in:
a b 
out:
op10 
label_ret
in:
op10 
out:

