label_entry
in:
c 
out:
op4 
label_ret
in:
op4 
out:

