label_entry
in:
a 
out:

label_ret
in:

out:

label6
in:

out:

label7
in:

out:

