label_entry
in:
a b 
out:
a b 
label_ret
in:
op14 
out:

label2
in:
a b 
out:
a b 
label7
in:
a b 
out:
a b 
label13
in:
b 
out:
op14 
