label_entry
in:
a b 
out:

label_ret
in:

out:

label9
in:

out:

label10
in:

out:

